CONSOLE_ERROR: Failed to load resource: the server responded with a status of 404 (Not Found)